0 verbose cli C:\Program Files\nodejs\node.exe C:\Users\sohar\AppData\Roaming\npm\node_modules\npm\bin\npm-cli.js
1 info using npm@11.4.2
2 info using node@v22.17.0
3 silly config load:file:C:\Users\sohar\AppData\Roaming\npm\node_modules\npm\npmrc
4 silly config load:file:C:\Users\sohar\.npmrc
5 silly config load:file:C:\Users\sohar\AppData\Roaming\npm\etc\npmrc
6 verbose title npm install pnpm@latest
7 verbose argv "install" "--global" "pnpm@latest"
8 verbose logfile logs-max:10 dir:C:\Users\sohar\OneDrive\Desktop\doodlepad\doodlepad\clear\_logs\2025-07-26T19_24_59_941Z-
9 verbose logfile C:\Users\sohar\OneDrive\Desktop\doodlepad\doodlepad\clear\_logs\2025-07-26T19_24_59_941Z-debug-0.log
10 silly packumentCache heap:2197815296 maxSize:549453824 maxEntrySize:274726912
11 silly logfile done cleaning log files
12 silly packumentCache corgi:http://registry.npmjs.org/pnpm cache-miss
13 http fetch GET 200 https://registry.npmjs.org/npm 6425ms
14 http fetch GET 200 https://registry.npmjs.org/pnpm 9046ms (cache miss)
15 silly packumentCache corgi:http://registry.npmjs.org/pnpm set size:undefined disposed:false
16 silly idealTree buildDeps
17 silly fetch manifest pnpm@10.13.1
18 silly packumentCache full:http://registry.npmjs.org/pnpm cache-miss
19 http fetch GET 200 https://registry.npmjs.org/pnpm 355ms (cache miss)
20 silly packumentCache full:http://registry.npmjs.org/pnpm set size:undefined disposed:false
21 silly placeDep ROOT pnpm@10.13.1 OK for:  want: 10.13.1
22 silly reify mark retired [
22 silly reify   'C:\\Users\\sohar\\AppData\\Roaming\\npm\\node_modules\\pnpm',
22 silly reify   'C:\\Users\\sohar\\AppData\\Roaming\\npm\\pnpm',
22 silly reify   'C:\\Users\\sohar\\AppData\\Roaming\\npm\\pnpm.cmd',
22 silly reify   'C:\\Users\\sohar\\AppData\\Roaming\\npm\\pnpm.ps1',
22 silly reify   'C:\\Users\\sohar\\AppData\\Roaming\\npm\\pnpx',
22 silly reify   'C:\\Users\\sohar\\AppData\\Roaming\\npm\\pnpx.cmd',
22 silly reify   'C:\\Users\\sohar\\AppData\\Roaming\\npm\\pnpx.ps1'
22 silly reify ]
23 silly reify moves {
23 silly reify   'C:\\Users\\sohar\\AppData\\Roaming\\npm\\node_modules\\pnpm': 'C:\\Users\\sohar\\AppData\\Roaming\\npm\\node_modules\\.pnpm-2t4Zzjpg',
23 silly reify   'C:\\Users\\sohar\\AppData\\Roaming\\npm\\pnpm': 'C:\\Users\\sohar\\AppData\\Roaming\\npm\\.pnpm-UeuWs64w',
23 silly reify   'C:\\Users\\sohar\\AppData\\Roaming\\npm\\pnpm.cmd': 'C:\\Users\\sohar\\AppData\\Roaming\\npm\\.pnpm.cmd-uJxORpQ5',
23 silly reify   'C:\\Users\\sohar\\AppData\\Roaming\\npm\\pnpm.ps1': 'C:\\Users\\sohar\\AppData\\Roaming\\npm\\.pnpm.ps1-z8soUnHD',
23 silly reify   'C:\\Users\\sohar\\AppData\\Roaming\\npm\\pnpx': 'C:\\Users\\sohar\\AppData\\Roaming\\npm\\.pnpx-TtaO4VKd',
23 silly reify   'C:\\Users\\sohar\\AppData\\Roaming\\npm\\pnpx.cmd': 'C:\\Users\\sohar\\AppData\\Roaming\\npm\\.pnpx.cmd-fMorsPdq',
23 silly reify   'C:\\Users\\sohar\\AppData\\Roaming\\npm\\pnpx.ps1': 'C:\\Users\\sohar\\AppData\\Roaming\\npm\\.pnpx.ps1-cDcIOgbG'
23 silly reify }
24 http cache pnpm@https://registry.npmjs.org/pnpm/-/pnpm-10.13.1.tgz 0ms (cache hit)
25 silly tarball no local data for pnpm@https://registry.npmjs.org/pnpm/-/pnpm-10.13.1.tgz. Extracting by manifest.
26 http fetch GET 200 https://registry.npmjs.org/pnpm/-/pnpm-10.13.1.tgz 10467ms (cache miss)
27 silly CHANGE node_modules/pnpm
28 verbose cwd C:\Users\sohar\OneDrive\Desktop\doodlepad\doodlepad
29 verbose os Windows_NT 10.0.26100
30 verbose node v22.17.0
31 verbose npm  v11.4.2
32 notice
32 notice New [33mminor[39m version of npm available! [33m11.4.2[39m -> [34m11.5.1[39m
32 notice Changelog: [34mhttps://github.com/npm/cli/releases/tag/v11.5.1[39m
32 notice To update run: [4mnpm install -g npm@11.5.1[24m
32 notice  { force: true, [Symbol(proc-log.meta)]: true }
33 verbose exit 0
34 info ok
